a[0]="a"
a[1]=" "
a[2]="b"
a[3]=" "
a[4]="c"
a[5]=" "
b="1"
