option a was supplied, with argument 123
option b was supplied
option c was supplied
