S532
S532
L300
L000
J250
R163
"soundex" and "sowndex" match under soundex
