NAME         G DOB        PET
April        F 1989-01-02 none 
Bob          M 1990-03-04 none 
Chad         M 1991-05-06 none 
Dave         M 1992-07-08 dog Rover
Ã‰mily        F 1993-09-10 none 
